
=== IMPORTERS STATUS REPORT [2026-06-20T14:35:16.175Z] ===
1. GOV.IL API (Trims): 11183 / 99691 (11.2%)
   - Total Car Models Extracted: 5860
   - Total Brands Extracted: 136
2. Enrichment - Extra Specs (Global/Local): 4916 / 5860 (83.9%)
3. Enrichment - Reliability Scores: 4917 / 5860 (83.9%)

=== IMPORTERS STATUS REPORT [2026-06-20T14:37:18.663Z] ===
1. GOV.IL API (Trims): 11416 / 99691 (11.5%)
   - Total Car Models Extracted: 6001
   - Total Brands Extracted: 162
2. Enrichment - Extra Specs (Global/Local): 5612 / 6001 (93.5%)
3. Enrichment - Reliability Scores: 5613 / 6001 (93.5%)

=== IMPORTERS STATUS REPORT [2026-06-20T14:39:21.323Z] ===
1. GOV.IL API (Trims): 11648 / 99691 (11.7%)
   - Total Car Models Extracted: 6099
   - Total Brands Extracted: 168
2. Enrichment - Extra Specs (Global/Local): 6091 / 6099 (99.9%)
3. Enrichment - Reliability Scores: 6091 / 6099 (99.9%)

=== IMPORTERS STATUS REPORT [2026-06-20T14:41:24.007Z] ===
1. GOV.IL API (Trims): 11879 / 99691 (11.9%)
   - Total Car Models Extracted: 6256
   - Total Brands Extracted: 168
2. Enrichment - Extra Specs (Global/Local): 6251 / 6256 (99.9%)
3. Enrichment - Reliability Scores: 6251 / 6256 (99.9%)

=== IMPORTERS STATUS REPORT [2026-06-20T14:43:26.484Z] ===
1. GOV.IL API (Trims): 12111 / 99691 (12.1%)
   - Total Car Models Extracted: 6388
   - Total Brands Extracted: 168
2. Enrichment - Extra Specs (Global/Local): 6383 / 6388 (99.9%)
3. Enrichment - Reliability Scores: 6383 / 6388 (99.9%)

=== IMPORTERS STATUS REPORT [2026-06-20T14:45:28.836Z] ===
1. GOV.IL API (Trims): 12344 / 99691 (12.4%)
   - Total Car Models Extracted: 6487
   - Total Brands Extracted: 168
2. Enrichment - Extra Specs (Global/Local): 6468 / 6487 (99.7%)
3. Enrichment - Reliability Scores: 6468 / 6487 (99.7%)

=== IMPORTERS STATUS REPORT [2026-06-20T14:47:31.307Z] ===
1. GOV.IL API (Trims): 12577 / 99691 (12.6%)
   - Total Car Models Extracted: 6595
   - Total Brands Extracted: 168
2. Enrichment - Extra Specs (Global/Local): 6567 / 6595 (99.6%)
3. Enrichment - Reliability Scores: 6567 / 6595 (99.6%)

=== IMPORTERS STATUS REPORT [2026-06-20T14:49:33.672Z] ===
1. GOV.IL API (Trims): 12810 / 99691 (12.8%)
   - Total Car Models Extracted: 6721
   - Total Brands Extracted: 168
2. Enrichment - Extra Specs (Global/Local): 6684 / 6721 (99.4%)
3. Enrichment - Reliability Scores: 6685 / 6721 (99.5%)

=== IMPORTERS STATUS REPORT [2026-06-20T14:51:35.985Z] ===
1. GOV.IL API (Trims): 13039 / 99691 (13.1%)
   - Total Car Models Extracted: 6846
   - Total Brands Extracted: 168
2. Enrichment - Extra Specs (Global/Local): 6818 / 6846 (99.6%)
3. Enrichment - Reliability Scores: 6819 / 6846 (99.6%)

=== IMPORTERS STATUS REPORT [2026-06-20T14:53:38.305Z] ===
1. GOV.IL API (Trims): 13272 / 99691 (13.3%)
   - Total Car Models Extracted: 6975
   - Total Brands Extracted: 168
2. Enrichment - Extra Specs (Global/Local): 6970 / 6975 (99.9%)
3. Enrichment - Reliability Scores: 6971 / 6975 (99.9%)

=== IMPORTERS STATUS REPORT [2026-06-20T14:55:41.356Z] ===
1. GOV.IL API (Trims): 13501 / 99691 (13.5%)
   - Total Car Models Extracted: 7106
   - Total Brands Extracted: 168
2. Enrichment - Extra Specs (Global/Local): 7104 / 7106 (100.0%)
3. Enrichment - Reliability Scores: 7104 / 7106 (100.0%)

=== IMPORTERS STATUS REPORT [2026-06-20T14:57:43.666Z] ===
1. GOV.IL API (Trims): 13731 / 99691 (13.8%)
   - Total Car Models Extracted: 7218
   - Total Brands Extracted: 168
2. Enrichment - Extra Specs (Global/Local): 7210 / 7218 (99.9%)
3. Enrichment - Reliability Scores: 7210 / 7218 (99.9%)

=== IMPORTERS STATUS REPORT [2026-06-20T14:59:46.016Z] ===
1. GOV.IL API (Trims): 13965 / 99691 (14.0%)
   - Total Car Models Extracted: 7348
   - Total Brands Extracted: 168
2. Enrichment - Extra Specs (Global/Local): 7335 / 7348 (99.8%)
3. Enrichment - Reliability Scores: 7335 / 7348 (99.8%)

=== IMPORTERS STATUS REPORT [2026-06-20T15:01:54.461Z] ===
1. GOV.IL API (Trims): 14207 / 99691 (14.3%)
   - Total Car Models Extracted: 7481
   - Total Brands Extracted: 168
2. Enrichment - Extra Specs (Global/Local): 7456 / 7481 (99.7%)
3. Enrichment - Reliability Scores: 7456 / 7481 (99.7%)

=== IMPORTERS STATUS REPORT [2026-06-20T15:03:56.939Z] ===
1. GOV.IL API (Trims): 14439 / 99691 (14.5%)
   - Total Car Models Extracted: 7609
   - Total Brands Extracted: 168
2. Enrichment - Extra Specs (Global/Local): 7582 / 7609 (99.6%)
3. Enrichment - Reliability Scores: 7582 / 7609 (99.6%)

=== IMPORTERS STATUS REPORT [2026-06-20T15:05:59.300Z] ===
1. GOV.IL API (Trims): 14671 / 99691 (14.7%)
   - Total Car Models Extracted: 7718
   - Total Brands Extracted: 168
2. Enrichment - Extra Specs (Global/Local): 7712 / 7718 (99.9%)
3. Enrichment - Reliability Scores: 7713 / 7718 (99.9%)

=== IMPORTERS STATUS REPORT [2026-06-20T15:08:01.677Z] ===
1. GOV.IL API (Trims): 14903 / 99691 (14.9%)
   - Total Car Models Extracted: 7853
   - Total Brands Extracted: 168
2. Enrichment - Extra Specs (Global/Local): 7851 / 7853 (100.0%)
3. Enrichment - Reliability Scores: 7851 / 7853 (100.0%)

=== IMPORTERS STATUS REPORT [2026-06-20T15:10:03.939Z] ===
1. GOV.IL API (Trims): 15130 / 99691 (15.2%)
   - Total Car Models Extracted: 7977
   - Total Brands Extracted: 168
2. Enrichment - Extra Specs (Global/Local): 7969 / 7977 (99.9%)
3. Enrichment - Reliability Scores: 7969 / 7977 (99.9%)

=== IMPORTERS STATUS REPORT [2026-06-20T15:12:06.285Z] ===
1. GOV.IL API (Trims): 15363 / 99691 (15.4%)
   - Total Car Models Extracted: 8123
   - Total Brands Extracted: 169
2. Enrichment - Extra Specs (Global/Local): 8116 / 8123 (99.9%)
3. Enrichment - Reliability Scores: 8116 / 8123 (99.9%)

=== IMPORTERS STATUS REPORT [2026-06-20T15:14:08.760Z] ===
1. GOV.IL API (Trims): 15595 / 99691 (15.6%)
   - Total Car Models Extracted: 8239
   - Total Brands Extracted: 169
2. Enrichment - Extra Specs (Global/Local): 8224 / 8239 (99.8%)
3. Enrichment - Reliability Scores: 8224 / 8239 (99.8%)

=== IMPORTERS STATUS REPORT [2026-06-20T15:16:11.114Z] ===
1. GOV.IL API (Trims): 15829 / 99691 (15.9%)
   - Total Car Models Extracted: 8372
   - Total Brands Extracted: 169
2. Enrichment - Extra Specs (Global/Local): 8345 / 8372 (99.7%)
3. Enrichment - Reliability Scores: 8345 / 8372 (99.7%)

=== IMPORTERS STATUS REPORT [2026-06-20T15:18:13.587Z] ===
1. GOV.IL API (Trims): 16059 / 99691 (16.1%)
   - Total Car Models Extracted: 8480
   - Total Brands Extracted: 169
2. Enrichment - Extra Specs (Global/Local): 8451 / 8480 (99.7%)
3. Enrichment - Reliability Scores: 8451 / 8480 (99.7%)

=== IMPORTERS STATUS REPORT [2026-06-20T15:20:15.949Z] ===
1. GOV.IL API (Trims): 16292 / 99691 (16.3%)
   - Total Car Models Extracted: 8615
   - Total Brands Extracted: 169
2. Enrichment - Extra Specs (Global/Local): 8592 / 8615 (99.7%)
3. Enrichment - Reliability Scores: 8593 / 8615 (99.7%)

=== IMPORTERS STATUS REPORT [2026-06-20T15:22:18.458Z] ===
1. GOV.IL API (Trims): 16525 / 99691 (16.6%)
   - Total Car Models Extracted: 8714
   - Total Brands Extracted: 170
2. Enrichment - Extra Specs (Global/Local): 8709 / 8714 (99.9%)
3. Enrichment - Reliability Scores: 8709 / 8714 (99.9%)

=== IMPORTERS STATUS REPORT [2026-06-20T15:24:20.786Z] ===
1. GOV.IL API (Trims): 16757 / 99691 (16.8%)
   - Total Car Models Extracted: 8829
   - Total Brands Extracted: 170
2. Enrichment - Extra Specs (Global/Local): 8816 / 8829 (99.9%)
3. Enrichment - Reliability Scores: 8816 / 8829 (99.9%)

=== IMPORTERS STATUS REPORT [2026-06-20T15:26:23.098Z] ===
1. GOV.IL API (Trims): 16990 / 99691 (17.0%)
   - Total Car Models Extracted: 8950
   - Total Brands Extracted: 172
2. Enrichment - Extra Specs (Global/Local): 8929 / 8950 (99.8%)
3. Enrichment - Reliability Scores: 8929 / 8950 (99.8%)

=== IMPORTERS STATUS REPORT [2026-06-20T15:28:25.637Z] ===
1. GOV.IL API (Trims): 17220 / 99691 (17.3%)
   - Total Car Models Extracted: 9063
   - Total Brands Extracted: 175
2. Enrichment - Extra Specs (Global/Local): 9042 / 9063 (99.8%)
3. Enrichment - Reliability Scores: 9042 / 9063 (99.8%)

=== IMPORTERS STATUS REPORT [2026-06-20T15:30:27.819Z] ===
1. GOV.IL API (Trims): 17471 / 99691 (17.5%)
   - Total Car Models Extracted: 9202
   - Total Brands Extracted: 175
2. Enrichment - Extra Specs (Global/Local): 9199 / 9202 (100.0%)
3. Enrichment - Reliability Scores: 9200 / 9202 (100.0%)

=== IMPORTERS STATUS REPORT [2026-06-20T15:32:30.034Z] ===
1. GOV.IL API (Trims): 17725 / 99691 (17.8%)
   - Total Car Models Extracted: 9316
   - Total Brands Extracted: 175
2. Enrichment - Extra Specs (Global/Local): 9308 / 9316 (99.9%)
3. Enrichment - Reliability Scores: 9308 / 9316 (99.9%)

=== IMPORTERS STATUS REPORT [2026-06-20T15:34:32.229Z] ===
1. GOV.IL API (Trims): 17978 / 99691 (18.0%)
   - Total Car Models Extracted: 9418
   - Total Brands Extracted: 175
2. Enrichment - Extra Specs (Global/Local): 9400 / 9418 (99.8%)
3. Enrichment - Reliability Scores: 9400 / 9418 (99.8%)

=== IMPORTERS STATUS REPORT [2026-06-20T15:36:34.368Z] ===
1. GOV.IL API (Trims): 18230 / 99691 (18.3%)
   - Total Car Models Extracted: 9523
   - Total Brands Extracted: 177
2. Enrichment - Extra Specs (Global/Local): 9523 / 9523 (100.0%)
3. Enrichment - Reliability Scores: 9523 / 9523 (100.0%)

=== IMPORTERS STATUS REPORT [2026-06-20T15:38:36.591Z] ===
1. GOV.IL API (Trims): 18484 / 99691 (18.5%)
   - Total Car Models Extracted: 9664
   - Total Brands Extracted: 177
2. Enrichment - Extra Specs (Global/Local): 9656 / 9664 (99.9%)
3. Enrichment - Reliability Scores: 9656 / 9664 (99.9%)

=== IMPORTERS STATUS REPORT [2026-06-20T15:40:38.900Z] ===
1. GOV.IL API (Trims): 18732 / 99691 (18.8%)
   - Total Car Models Extracted: 9787
   - Total Brands Extracted: 178
2. Enrichment - Extra Specs (Global/Local): 9779 / 9787 (99.9%)
3. Enrichment - Reliability Scores: 9779 / 9787 (99.9%)

=== IMPORTERS STATUS REPORT [2026-06-20T15:42:41.337Z] ===
1. GOV.IL API (Trims): 18969 / 99691 (19.0%)
   - Total Car Models Extracted: 9911
   - Total Brands Extracted: 178
2. Enrichment - Extra Specs (Global/Local): 9892 / 9911 (99.8%)
3. Enrichment - Reliability Scores: 9892 / 9911 (99.8%)

=== IMPORTERS STATUS REPORT [2026-06-20T15:44:43.853Z] ===
1. GOV.IL API (Trims): 19197 / 99691 (19.3%)
   - Total Car Models Extracted: 10068
   - Total Brands Extracted: 178
2. Enrichment - Extra Specs (Global/Local): 10050 / 10068 (99.8%)
3. Enrichment - Reliability Scores: 10050 / 10068 (99.8%)

=== IMPORTERS STATUS REPORT [2026-06-20T15:46:46.206Z] ===
1. GOV.IL API (Trims): 19430 / 99691 (19.5%)
   - Total Car Models Extracted: 10166
   - Total Brands Extracted: 179
2. Enrichment - Extra Specs (Global/Local): 10144 / 10166 (99.8%)
3. Enrichment - Reliability Scores: 10144 / 10166 (99.8%)

=== IMPORTERS STATUS REPORT [2026-06-20T15:48:48.553Z] ===
1. GOV.IL API (Trims): 19663 / 99691 (19.7%)
   - Total Car Models Extracted: 10288
   - Total Brands Extracted: 179
2. Enrichment - Extra Specs (Global/Local): 10273 / 10288 (99.9%)
3. Enrichment - Reliability Scores: 10274 / 10288 (99.9%)

=== IMPORTERS STATUS REPORT [2026-06-20T15:50:51.102Z] ===
1. GOV.IL API (Trims): 19896 / 99691 (20.0%)
   - Total Car Models Extracted: 10403
   - Total Brands Extracted: 179
2. Enrichment - Extra Specs (Global/Local): 10399 / 10403 (100.0%)
3. Enrichment - Reliability Scores: 10399 / 10403 (100.0%)

=== IMPORTERS STATUS REPORT [2026-06-20T15:52:53.585Z] ===
1. GOV.IL API (Trims): 20115 / 99691 (20.2%)
   - Total Car Models Extracted: 10526
   - Total Brands Extracted: 179
2. Enrichment - Extra Specs (Global/Local): 10517 / 10526 (99.9%)
3. Enrichment - Reliability Scores: 10517 / 10526 (99.9%)

=== IMPORTERS STATUS REPORT [2026-06-20T15:54:56.062Z] ===
1. GOV.IL API (Trims): 20332 / 99691 (20.4%)
   - Total Car Models Extracted: 10676
   - Total Brands Extracted: 179
2. Enrichment - Extra Specs (Global/Local): 10668 / 10676 (99.9%)
3. Enrichment - Reliability Scores: 10668 / 10676 (99.9%)

=== IMPORTERS STATUS REPORT [2026-06-20T15:56:58.536Z] ===
1. GOV.IL API (Trims): 20565 / 99691 (20.6%)
   - Total Car Models Extracted: 10783
   - Total Brands Extracted: 179
2. Enrichment - Extra Specs (Global/Local): 10769 / 10783 (99.9%)
3. Enrichment - Reliability Scores: 10769 / 10783 (99.9%)

=== IMPORTERS STATUS REPORT [2026-06-20T15:59:00.897Z] ===
1. GOV.IL API (Trims): 20799 / 99691 (20.9%)
   - Total Car Models Extracted: 10889
   - Total Brands Extracted: 179
2. Enrichment - Extra Specs (Global/Local): 10865 / 10889 (99.8%)
3. Enrichment - Reliability Scores: 10865 / 10889 (99.8%)

=== IMPORTERS STATUS REPORT [2026-06-20T16:01:08.074Z] ===
1. GOV.IL API (Trims): 21038 / 99691 (21.1%)
   - Total Car Models Extracted: 10994
   - Total Brands Extracted: 179
2. Enrichment - Extra Specs (Global/Local): 10989 / 10994 (100.0%)
3. Enrichment - Reliability Scores: 10989 / 10994 (100.0%)

=== IMPORTERS STATUS REPORT [2026-06-20T16:03:12.359Z] ===
1. GOV.IL API (Trims): 21274 / 99691 (21.3%)
   - Total Car Models Extracted: 11131
   - Total Brands Extracted: 179
2. Enrichment - Extra Specs (Global/Local): 11118 / 11131 (99.9%)
3. Enrichment - Reliability Scores: 11118 / 11131 (99.9%)

=== IMPORTERS STATUS REPORT [2026-06-20T16:05:14.711Z] ===
1. GOV.IL API (Trims): 21507 / 99691 (21.6%)
   - Total Car Models Extracted: 11240
   - Total Brands Extracted: 179
2. Enrichment - Extra Specs (Global/Local): 11227 / 11240 (99.9%)
3. Enrichment - Reliability Scores: 11227 / 11240 (99.9%)

=== IMPORTERS STATUS REPORT [2026-06-20T16:07:17.189Z] ===
1. GOV.IL API (Trims): 21740 / 99691 (21.8%)
   - Total Car Models Extracted: 11369
   - Total Brands Extracted: 179
2. Enrichment - Extra Specs (Global/Local): 11342 / 11369 (99.8%)
3. Enrichment - Reliability Scores: 11342 / 11369 (99.8%)

=== IMPORTERS STATUS REPORT [2026-06-20T16:09:20.644Z] ===
1. GOV.IL API (Trims): 21975 / 99691 (22.0%)
   - Total Car Models Extracted: 11527
   - Total Brands Extracted: 179
2. Enrichment - Extra Specs (Global/Local): 11504 / 11527 (99.8%)
3. Enrichment - Reliability Scores: 11504 / 11527 (99.8%)

=== IMPORTERS STATUS REPORT [2026-06-20T16:11:23.071Z] ===
1. GOV.IL API (Trims): 22203 / 99691 (22.3%)
   - Total Car Models Extracted: 11677
   - Total Brands Extracted: 179
2. Enrichment - Extra Specs (Global/Local): 11652 / 11677 (99.8%)
3. Enrichment - Reliability Scores: 11652 / 11677 (99.8%)

=== IMPORTERS STATUS REPORT [2026-06-20T16:13:25.581Z] ===
1. GOV.IL API (Trims): 22436 / 99691 (22.5%)
   - Total Car Models Extracted: 11800
   - Total Brands Extracted: 179
2. Enrichment - Extra Specs (Global/Local): 11780 / 11800 (99.8%)
3. Enrichment - Reliability Scores: 11780 / 11800 (99.8%)

=== IMPORTERS STATUS REPORT [2026-06-20T16:15:27.919Z] ===
1. GOV.IL API (Trims): 22666 / 99691 (22.7%)
   - Total Car Models Extracted: 11938
   - Total Brands Extracted: 179
2. Enrichment - Extra Specs (Global/Local): 11899 / 11938 (99.7%)
3. Enrichment - Reliability Scores: 11899 / 11938 (99.7%)

=== IMPORTERS STATUS REPORT [2026-06-20T16:17:30.670Z] ===
1. GOV.IL API (Trims): 22897 / 99691 (23.0%)
   - Total Car Models Extracted: 12103
   - Total Brands Extracted: 179
2. Enrichment - Extra Specs (Global/Local): 12070 / 12103 (99.7%)
3. Enrichment - Reliability Scores: 12070 / 12103 (99.7%)

=== IMPORTERS STATUS REPORT [2026-06-20T16:19:33.450Z] ===
1. GOV.IL API (Trims): 23125 / 99691 (23.2%)
   - Total Car Models Extracted: 12222
   - Total Brands Extracted: 179
2. Enrichment - Extra Specs (Global/Local): 12192 / 12222 (99.8%)
3. Enrichment - Reliability Scores: 12192 / 12222 (99.8%)

=== IMPORTERS STATUS REPORT [2026-06-20T16:21:35.929Z] ===
1. GOV.IL API (Trims): 23357 / 99691 (23.4%)
   - Total Car Models Extracted: 12351
   - Total Brands Extracted: 179
2. Enrichment - Extra Specs (Global/Local): 12340 / 12351 (99.9%)
3. Enrichment - Reliability Scores: 12341 / 12351 (99.9%)

=== IMPORTERS STATUS REPORT [2026-06-20T16:23:38.301Z] ===
1. GOV.IL API (Trims): 23588 / 99691 (23.7%)
   - Total Car Models Extracted: 12485
   - Total Brands Extracted: 179
2. Enrichment - Extra Specs (Global/Local): 12484 / 12485 (100.0%)
3. Enrichment - Reliability Scores: 12484 / 12485 (100.0%)

=== IMPORTERS STATUS REPORT [2026-06-20T16:25:40.749Z] ===
1. GOV.IL API (Trims): 23821 / 99691 (23.9%)
   - Total Car Models Extracted: 12627
   - Total Brands Extracted: 179
2. Enrichment - Extra Specs (Global/Local): 12624 / 12627 (100.0%)
3. Enrichment - Reliability Scores: 12624 / 12627 (100.0%)

=== IMPORTERS STATUS REPORT [2026-06-20T16:27:43.103Z] ===
1. GOV.IL API (Trims): 24052 / 99691 (24.1%)
   - Total Car Models Extracted: 12750
   - Total Brands Extracted: 179
2. Enrichment - Extra Specs (Global/Local): 12740 / 12750 (99.9%)
3. Enrichment - Reliability Scores: 12740 / 12750 (99.9%)

=== IMPORTERS STATUS REPORT [2026-06-20T16:29:45.420Z] ===
1. GOV.IL API (Trims): 24285 / 99691 (24.4%)
   - Total Car Models Extracted: 12898
   - Total Brands Extracted: 179
2. Enrichment - Extra Specs (Global/Local): 12885 / 12898 (99.9%)
3. Enrichment - Reliability Scores: 12885 / 12898 (99.9%)

=== IMPORTERS STATUS REPORT [2026-06-20T16:31:47.738Z] ===
1. GOV.IL API (Trims): 24518 / 99691 (24.6%)
   - Total Car Models Extracted: 13057
   - Total Brands Extracted: 179
2. Enrichment - Extra Specs (Global/Local): 13047 / 13057 (99.9%)
3. Enrichment - Reliability Scores: 13047 / 13057 (99.9%)

=== IMPORTERS STATUS REPORT [2026-06-20T16:33:50.089Z] ===
1. GOV.IL API (Trims): 24751 / 99691 (24.8%)
   - Total Car Models Extracted: 13190
   - Total Brands Extracted: 179
2. Enrichment - Extra Specs (Global/Local): 13179 / 13190 (99.9%)
3. Enrichment - Reliability Scores: 13179 / 13190 (99.9%)

=== IMPORTERS STATUS REPORT [2026-06-20T16:35:52.544Z] ===
1. GOV.IL API (Trims): 24982 / 99691 (25.1%)
   - Total Car Models Extracted: 13397
   - Total Brands Extracted: 179
2. Enrichment - Extra Specs (Global/Local): 13389 / 13397 (99.9%)
3. Enrichment - Reliability Scores: 13390 / 13397 (99.9%)

=== IMPORTERS STATUS REPORT [2026-06-20T16:37:54.908Z] ===
1. GOV.IL API (Trims): 25214 / 99691 (25.3%)
   - Total Car Models Extracted: 13521
   - Total Brands Extracted: 179
2. Enrichment - Extra Specs (Global/Local): 13520 / 13521 (100.0%)
3. Enrichment - Reliability Scores: 13520 / 13521 (100.0%)

=== IMPORTERS STATUS REPORT [2026-06-20T16:39:59.141Z] ===
1. GOV.IL API (Trims): 25451 / 99691 (25.5%)
   - Total Car Models Extracted: 13645
   - Total Brands Extracted: 179
2. Enrichment - Extra Specs (Global/Local): 13635 / 13645 (99.9%)
3. Enrichment - Reliability Scores: 13635 / 13645 (99.9%)

=== IMPORTERS STATUS REPORT [2026-06-20T16:42:01.452Z] ===
1. GOV.IL API (Trims): 25683 / 99691 (25.8%)
   - Total Car Models Extracted: 13788
   - Total Brands Extracted: 179
2. Enrichment - Extra Specs (Global/Local): 13775 / 13788 (99.9%)
3. Enrichment - Reliability Scores: 13775 / 13788 (99.9%)

=== IMPORTERS STATUS REPORT [2026-06-20T16:44:03.758Z] ===
1. GOV.IL API (Trims): 25916 / 99691 (26.0%)
   - Total Car Models Extracted: 13923
   - Total Brands Extracted: 180
2. Enrichment - Extra Specs (Global/Local): 13903 / 13923 (99.9%)
3. Enrichment - Reliability Scores: 13903 / 13923 (99.9%)

=== IMPORTERS STATUS REPORT [2026-06-20T16:46:06.128Z] ===
1. GOV.IL API (Trims): 26138 / 99691 (26.2%)
   - Total Car Models Extracted: 14002
   - Total Brands Extracted: 182
2. Enrichment - Extra Specs (Global/Local): 14002 / 14002 (100.0%)
3. Enrichment - Reliability Scores: 14002 / 14002 (100.0%)

=== IMPORTERS STATUS REPORT [2026-06-20T16:48:08.619Z] ===
1. GOV.IL API (Trims): 26363 / 99691 (26.4%)
   - Total Car Models Extracted: 14063
   - Total Brands Extracted: 184
2. Enrichment - Extra Specs (Global/Local): 14056 / 14063 (100.0%)
3. Enrichment - Reliability Scores: 14056 / 14063 (100.0%)

=== IMPORTERS STATUS REPORT [2026-06-20T16:50:11.758Z] ===
1. GOV.IL API (Trims): 26592 / 99691 (26.7%)
   - Total Car Models Extracted: 14150
   - Total Brands Extracted: 185
2. Enrichment - Extra Specs (Global/Local): 14143 / 14150 (100.0%)
3. Enrichment - Reliability Scores: 14143 / 14150 (100.0%)

=== IMPORTERS STATUS REPORT [2026-06-20T16:52:14.115Z] ===
1. GOV.IL API (Trims): 26825 / 99691 (26.9%)
   - Total Car Models Extracted: 14281
   - Total Brands Extracted: 186
2. Enrichment - Extra Specs (Global/Local): 14252 / 14281 (99.8%)
3. Enrichment - Reliability Scores: 14253 / 14281 (99.8%)

=== IMPORTERS STATUS REPORT [2026-06-20T16:54:16.601Z] ===
1. GOV.IL API (Trims): 27055 / 99691 (27.1%)
   - Total Car Models Extracted: 14457
   - Total Brands Extracted: 186
2. Enrichment - Extra Specs (Global/Local): 14413 / 14457 (99.7%)
3. Enrichment - Reliability Scores: 14413 / 14457 (99.7%)

=== IMPORTERS STATUS REPORT [2026-06-20T16:56:18.939Z] ===
1. GOV.IL API (Trims): 27285 / 99691 (27.4%)
   - Total Car Models Extracted: 14588
   - Total Brands Extracted: 190
2. Enrichment - Extra Specs (Global/Local): 14565 / 14588 (99.8%)
3. Enrichment - Reliability Scores: 14565 / 14588 (99.8%)

=== IMPORTERS STATUS REPORT [2026-06-20T16:58:21.423Z] ===
1. GOV.IL API (Trims): 27517 / 99691 (27.6%)
   - Total Car Models Extracted: 14671
   - Total Brands Extracted: 190
2. Enrichment - Extra Specs (Global/Local): 14656 / 14671 (99.9%)
3. Enrichment - Reliability Scores: 14656 / 14671 (99.9%)

=== IMPORTERS STATUS REPORT [2026-06-20T17:00:24.118Z] ===
1. GOV.IL API (Trims): 27750 / 99691 (27.8%)
   - Total Car Models Extracted: 14810
   - Total Brands Extracted: 190
2. Enrichment - Extra Specs (Global/Local): 14790 / 14810 (99.9%)
3. Enrichment - Reliability Scores: 14790 / 14810 (99.9%)

=== IMPORTERS STATUS REPORT [2026-06-20T17:02:26.597Z] ===
1. GOV.IL API (Trims): 27978 / 99691 (28.1%)
   - Total Car Models Extracted: 14963
   - Total Brands Extracted: 190
2. Enrichment - Extra Specs (Global/Local): 14955 / 14963 (99.9%)
3. Enrichment - Reliability Scores: 14955 / 14963 (99.9%)

=== IMPORTERS STATUS REPORT [2026-06-20T17:04:28.905Z] ===
1. GOV.IL API (Trims): 28211 / 99691 (28.3%)
   - Total Car Models Extracted: 15109
   - Total Brands Extracted: 190
2. Enrichment - Extra Specs (Global/Local): 15094 / 15109 (99.9%)
3. Enrichment - Reliability Scores: 15094 / 15109 (99.9%)

=== IMPORTERS STATUS REPORT [2026-06-20T17:06:31.266Z] ===
1. GOV.IL API (Trims): 28443 / 99691 (28.5%)
   - Total Car Models Extracted: 15280
   - Total Brands Extracted: 190
2. Enrichment - Extra Specs (Global/Local): 15273 / 15280 (100.0%)
3. Enrichment - Reliability Scores: 15273 / 15280 (100.0%)

=== IMPORTERS STATUS REPORT [2026-06-20T17:08:33.748Z] ===
1. GOV.IL API (Trims): 28674 / 99691 (28.8%)
   - Total Car Models Extracted: 15376
   - Total Brands Extracted: 190
2. Enrichment - Extra Specs (Global/Local): 15366 / 15376 (99.9%)
3. Enrichment - Reliability Scores: 15366 / 15376 (99.9%)

=== IMPORTERS STATUS REPORT [2026-06-20T17:10:36.087Z] ===
1. GOV.IL API (Trims): 28907 / 99691 (29.0%)
   - Total Car Models Extracted: 15511
   - Total Brands Extracted: 190
2. Enrichment - Extra Specs (Global/Local): 15489 / 15511 (99.9%)
3. Enrichment - Reliability Scores: 15489 / 15511 (99.9%)

=== IMPORTERS STATUS REPORT [2026-06-20T17:12:38.409Z] ===
1. GOV.IL API (Trims): 29136 / 99691 (29.2%)
   - Total Car Models Extracted: 15612
   - Total Brands Extracted: 190
2. Enrichment - Extra Specs (Global/Local): 15596 / 15612 (99.9%)
3. Enrichment - Reliability Scores: 15597 / 15612 (99.9%)

=== IMPORTERS STATUS REPORT [2026-06-20T17:14:40.737Z] ===
1. GOV.IL API (Trims): 29368 / 99691 (29.5%)
   - Total Car Models Extracted: 15727
   - Total Brands Extracted: 190
2. Enrichment - Extra Specs (Global/Local): 15722 / 15727 (100.0%)
3. Enrichment - Reliability Scores: 15722 / 15727 (100.0%)

=== IMPORTERS STATUS REPORT [2026-06-20T17:16:43.071Z] ===
1. GOV.IL API (Trims): 29600 / 99691 (29.7%)
   - Total Car Models Extracted: 15856
   - Total Brands Extracted: 190
2. Enrichment - Extra Specs (Global/Local): 15846 / 15856 (99.9%)
3. Enrichment - Reliability Scores: 15846 / 15856 (99.9%)

=== IMPORTERS STATUS REPORT [2026-06-20T17:18:45.605Z] ===
1. GOV.IL API (Trims): 29834 / 99691 (29.9%)
   - Total Car Models Extracted: 15997
   - Total Brands Extracted: 191
2. Enrichment - Extra Specs (Global/Local): 15992 / 15997 (100.0%)
3. Enrichment - Reliability Scores: 15992 / 15997 (100.0%)

=== IMPORTERS STATUS REPORT [2026-06-20T17:20:48.060Z] ===
1. GOV.IL API (Trims): 30062 / 99691 (30.2%)
   - Total Car Models Extracted: 16097
   - Total Brands Extracted: 191
2. Enrichment - Extra Specs (Global/Local): 16075 / 16097 (99.9%)
3. Enrichment - Reliability Scores: 16075 / 16097 (99.9%)

=== IMPORTERS STATUS REPORT [2026-06-20T17:22:51.334Z] ===
1. GOV.IL API (Trims): 30293 / 99691 (30.4%)
   - Total Car Models Extracted: 16157
   - Total Brands Extracted: 191
2. Enrichment - Extra Specs (Global/Local): 16157 / 16157 (100.0%)
3. Enrichment - Reliability Scores: 16157 / 16157 (100.0%)

=== IMPORTERS STATUS REPORT [2026-06-20T17:24:53.658Z] ===
1. GOV.IL API (Trims): 30526 / 99691 (30.6%)
   - Total Car Models Extracted: 16182
   - Total Brands Extracted: 193
2. Enrichment - Extra Specs (Global/Local): 16176 / 16182 (100.0%)
3. Enrichment - Reliability Scores: 16177 / 16182 (100.0%)

=== IMPORTERS STATUS REPORT [2026-06-20T17:26:55.995Z] ===
1. GOV.IL API (Trims): 30758 / 99691 (30.9%)
   - Total Car Models Extracted: 16280
   - Total Brands Extracted: 193
2. Enrichment - Extra Specs (Global/Local): 16278 / 16280 (100.0%)
3. Enrichment - Reliability Scores: 16278 / 16280 (100.0%)

=== IMPORTERS STATUS REPORT [2026-06-20T17:28:58.477Z] ===
1. GOV.IL API (Trims): 30988 / 99691 (31.1%)
   - Total Car Models Extracted: 16363
   - Total Brands Extracted: 193
2. Enrichment - Extra Specs (Global/Local): 16353 / 16363 (99.9%)
3. Enrichment - Reliability Scores: 16353 / 16363 (99.9%)

=== IMPORTERS STATUS REPORT [2026-06-20T17:31:00.818Z] ===
1. GOV.IL API (Trims): 31221 / 99691 (31.3%)
   - Total Car Models Extracted: 16443
   - Total Brands Extracted: 196
2. Enrichment - Extra Specs (Global/Local): 16441 / 16443 (100.0%)
3. Enrichment - Reliability Scores: 16441 / 16443 (100.0%)

=== IMPORTERS STATUS REPORT [2026-06-20T17:33:03.303Z] ===
1. GOV.IL API (Trims): 31454 / 99691 (31.6%)
   - Total Car Models Extracted: 16561
   - Total Brands Extracted: 198
2. Enrichment - Extra Specs (Global/Local): 16556 / 16561 (100.0%)
3. Enrichment - Reliability Scores: 16556 / 16561 (100.0%)

=== IMPORTERS STATUS REPORT [2026-06-20T17:35:05.817Z] ===
1. GOV.IL API (Trims): 31684 / 99691 (31.8%)
   - Total Car Models Extracted: 16656
   - Total Brands Extracted: 198
2. Enrichment - Extra Specs (Global/Local): 16629 / 16656 (99.8%)
3. Enrichment - Reliability Scores: 16629 / 16656 (99.8%)

=== IMPORTERS STATUS REPORT [2026-06-20T17:37:11.300Z] ===
1. GOV.IL API (Trims): 31921 / 99691 (32.0%)
   - Total Car Models Extracted: 16742
   - Total Brands Extracted: 199
2. Enrichment - Extra Specs (Global/Local): 16742 / 16742 (100.0%)
3. Enrichment - Reliability Scores: 16742 / 16742 (100.0%)

=== IMPORTERS STATUS REPORT [2026-06-20T17:39:13.660Z] ===
1. GOV.IL API (Trims): 32137 / 99691 (32.2%)
   - Total Car Models Extracted: 16828
   - Total Brands Extracted: 199
2. Enrichment - Extra Specs (Global/Local): 16815 / 16828 (99.9%)
3. Enrichment - Reliability Scores: 16815 / 16828 (99.9%)

=== IMPORTERS STATUS REPORT [2026-06-20T17:41:16.869Z] ===
1. GOV.IL API (Trims): 32366 / 99691 (32.5%)
   - Total Car Models Extracted: 16911
   - Total Brands Extracted: 199
2. Enrichment - Extra Specs (Global/Local): 16911 / 16911 (100.0%)
3. Enrichment - Reliability Scores: 16911 / 16911 (100.0%)

=== IMPORTERS STATUS REPORT [2026-06-20T17:43:19.544Z] ===
1. GOV.IL API (Trims): 32592 / 99691 (32.7%)
   - Total Car Models Extracted: 16996
   - Total Brands Extracted: 199
2. Enrichment - Extra Specs (Global/Local): 16990 / 16996 (100.0%)
3. Enrichment - Reliability Scores: 16990 / 16996 (100.0%)

=== IMPORTERS STATUS REPORT [2026-06-20T17:45:22.039Z] ===
1. GOV.IL API (Trims): 32821 / 99691 (32.9%)
   - Total Car Models Extracted: 17103
   - Total Brands Extracted: 199
2. Enrichment - Extra Specs (Global/Local): 17089 / 17103 (99.9%)
3. Enrichment - Reliability Scores: 17089 / 17103 (99.9%)

=== IMPORTERS STATUS REPORT [2026-06-20T17:47:24.543Z] ===
1. GOV.IL API (Trims): 33047 / 99691 (33.1%)
   - Total Car Models Extracted: 17194
   - Total Brands Extracted: 199
2. Enrichment - Extra Specs (Global/Local): 17172 / 17194 (99.9%)
3. Enrichment - Reliability Scores: 17172 / 17194 (99.9%)

=== IMPORTERS STATUS REPORT [2026-06-20T17:49:27.053Z] ===
1. GOV.IL API (Trims): 33275 / 99691 (33.4%)
   - Total Car Models Extracted: 17295
   - Total Brands Extracted: 202
2. Enrichment - Extra Specs (Global/Local): 17286 / 17295 (99.9%)
3. Enrichment - Reliability Scores: 17288 / 17295 (100.0%)

=== IMPORTERS STATUS REPORT [2026-06-20T17:51:29.795Z] ===
1. GOV.IL API (Trims): 33517 / 99691 (33.6%)
   - Total Car Models Extracted: 17382
   - Total Brands Extracted: 202
2. Enrichment - Extra Specs (Global/Local): 17370 / 17382 (99.9%)
3. Enrichment - Reliability Scores: 17370 / 17382 (99.9%)

=== IMPORTERS STATUS REPORT [2026-06-20T17:53:32.019Z] ===
1. GOV.IL API (Trims): 33744 / 99691 (33.8%)
   - Total Car Models Extracted: 17479
   - Total Brands Extracted: 202
2. Enrichment - Extra Specs (Global/Local): 17463 / 17479 (99.9%)
3. Enrichment - Reliability Scores: 17463 / 17479 (99.9%)

=== IMPORTERS STATUS REPORT [2026-06-20T17:55:34.238Z] ===
1. GOV.IL API (Trims): 33986 / 99691 (34.1%)
   - Total Car Models Extracted: 17598
   - Total Brands Extracted: 202
2. Enrichment - Extra Specs (Global/Local): 17578 / 17598 (99.9%)
3. Enrichment - Reliability Scores: 17578 / 17598 (99.9%)

=== IMPORTERS STATUS REPORT [2026-06-20T17:57:36.536Z] ===
1. GOV.IL API (Trims): 34229 / 99691 (34.3%)
   - Total Car Models Extracted: 17711
   - Total Brands Extracted: 202
2. Enrichment - Extra Specs (Global/Local): 17709 / 17711 (100.0%)
3. Enrichment - Reliability Scores: 17709 / 17711 (100.0%)

=== IMPORTERS STATUS REPORT [2026-06-20T17:59:38.780Z] ===
1. GOV.IL API (Trims): 34474 / 99691 (34.6%)
   - Total Car Models Extracted: 17816
   - Total Brands Extracted: 204
2. Enrichment - Extra Specs (Global/Local): 17806 / 17816 (99.9%)
3. Enrichment - Reliability Scores: 17806 / 17816 (99.9%)

=== IMPORTERS STATUS REPORT [2026-06-20T18:01:41.100Z] ===
1. GOV.IL API (Trims): 34719 / 99691 (34.8%)
   - Total Car Models Extracted: 17913
   - Total Brands Extracted: 204
2. Enrichment - Extra Specs (Global/Local): 17889 / 17913 (99.9%)
3. Enrichment - Reliability Scores: 17889 / 17913 (99.9%)

=== IMPORTERS STATUS REPORT [2026-06-20T18:03:44.323Z] ===
1. GOV.IL API (Trims): 34964 / 99691 (35.1%)
   - Total Car Models Extracted: 18031
   - Total Brands Extracted: 204
2. Enrichment - Extra Specs (Global/Local): 18024 / 18031 (100.0%)
3. Enrichment - Reliability Scores: 18025 / 18031 (100.0%)

=== IMPORTERS STATUS REPORT [2026-06-20T18:05:46.570Z] ===
1. GOV.IL API (Trims): 35205 / 99691 (35.3%)
   - Total Car Models Extracted: 18134
   - Total Brands Extracted: 204
2. Enrichment - Extra Specs (Global/Local): 18128 / 18134 (100.0%)
3. Enrichment - Reliability Scores: 18128 / 18134 (100.0%)

=== IMPORTERS STATUS REPORT [2026-06-20T18:07:49.068Z] ===
1. GOV.IL API (Trims): 35448 / 99691 (35.6%)
   - Total Car Models Extracted: 18244
   - Total Brands Extracted: 204
2. Enrichment - Extra Specs (Global/Local): 18244 / 18244 (100.0%)
3. Enrichment - Reliability Scores: 18244 / 18244 (100.0%)

=== IMPORTERS STATUS REPORT [2026-06-20T18:09:51.377Z] ===
1. GOV.IL API (Trims): 35688 / 99691 (35.8%)
   - Total Car Models Extracted: 18244
   - Total Brands Extracted: 204
2. Enrichment - Extra Specs (Global/Local): 18244 / 18244 (100.0%)
3. Enrichment - Reliability Scores: 18244 / 18244 (100.0%)

=== IMPORTERS STATUS REPORT [2026-06-20T18:11:53.603Z] ===
1. GOV.IL API (Trims): 35929 / 99691 (36.0%)
   - Total Car Models Extracted: 18301
   - Total Brands Extracted: 204
2. Enrichment - Extra Specs (Global/Local): 18300 / 18301 (100.0%)
3. Enrichment - Reliability Scores: 18300 / 18301 (100.0%)

=== IMPORTERS STATUS REPORT [2026-06-20T18:13:55.897Z] ===
1. GOV.IL API (Trims): 36171 / 99691 (36.3%)
   - Total Car Models Extracted: 18422
   - Total Brands Extracted: 204
2. Enrichment - Extra Specs (Global/Local): 18415 / 18422 (100.0%)
3. Enrichment - Reliability Scores: 18415 / 18422 (100.0%)

=== IMPORTERS STATUS REPORT [2026-06-20T18:15:58.180Z] ===
1. GOV.IL API (Trims): 36416 / 99691 (36.5%)
   - Total Car Models Extracted: 18548
   - Total Brands Extracted: 204
2. Enrichment - Extra Specs (Global/Local): 18533 / 18548 (99.9%)
3. Enrichment - Reliability Scores: 18533 / 18548 (99.9%)

=== IMPORTERS STATUS REPORT [2026-06-20T18:18:00.753Z] ===
1. GOV.IL API (Trims): 36660 / 99691 (36.8%)
   - Total Car Models Extracted: 18681
   - Total Brands Extracted: 204
2. Enrichment - Extra Specs (Global/Local): 18654 / 18681 (99.9%)
3. Enrichment - Reliability Scores: 18654 / 18681 (99.9%)

=== IMPORTERS STATUS REPORT [2026-06-20T18:20:02.988Z] ===
1. GOV.IL API (Trims): 36902 / 99691 (37.0%)
   - Total Car Models Extracted: 18837
   - Total Brands Extracted: 204
2. Enrichment - Extra Specs (Global/Local): 18817 / 18837 (99.9%)
3. Enrichment - Reliability Scores: 18817 / 18837 (99.9%)

=== IMPORTERS STATUS REPORT [2026-06-20T18:22:05.257Z] ===
1. GOV.IL API (Trims): 37134 / 99691 (37.2%)
   - Total Car Models Extracted: 18940
   - Total Brands Extracted: 204
2. Enrichment - Extra Specs (Global/Local): 18916 / 18940 (99.9%)
3. Enrichment - Reliability Scores: 18918 / 18940 (99.9%)

=== IMPORTERS STATUS REPORT [2026-06-20T18:24:07.610Z] ===
1. GOV.IL API (Trims): 37376 / 99691 (37.5%)
   - Total Car Models Extracted: 19064
   - Total Brands Extracted: 204
2. Enrichment - Extra Specs (Global/Local): 19063 / 19064 (100.0%)
3. Enrichment - Reliability Scores: 19063 / 19064 (100.0%)

=== IMPORTERS STATUS REPORT [2026-06-20T18:26:09.950Z] ===
1. GOV.IL API (Trims): 37621 / 99691 (37.7%)
   - Total Car Models Extracted: 19188
   - Total Brands Extracted: 206
2. Enrichment - Extra Specs (Global/Local): 19181 / 19188 (100.0%)
3. Enrichment - Reliability Scores: 19181 / 19188 (100.0%)

=== IMPORTERS STATUS REPORT [2026-06-20T18:28:12.598Z] ===
1. GOV.IL API (Trims): 37864 / 99691 (38.0%)
   - Total Car Models Extracted: 19305
   - Total Brands Extracted: 207
2. Enrichment - Extra Specs (Global/Local): 19285 / 19305 (99.9%)
3. Enrichment - Reliability Scores: 19285 / 19305 (99.9%)

=== IMPORTERS STATUS REPORT [2026-06-20T18:30:15.159Z] ===
1. GOV.IL API (Trims): 38106 / 99691 (38.2%)
   - Total Car Models Extracted: 19431
   - Total Brands Extracted: 207
2. Enrichment - Extra Specs (Global/Local): 19407 / 19431 (99.9%)
3. Enrichment - Reliability Scores: 19407 / 19431 (99.9%)

=== IMPORTERS STATUS REPORT [2026-06-20T18:32:17.350Z] ===
1. GOV.IL API (Trims): 38348 / 99691 (38.5%)
   - Total Car Models Extracted: 19572
   - Total Brands Extracted: 208
2. Enrichment - Extra Specs (Global/Local): 19549 / 19572 (99.9%)
3. Enrichment - Reliability Scores: 19549 / 19572 (99.9%)

=== IMPORTERS STATUS REPORT [2026-06-20T18:34:19.630Z] ===
1. GOV.IL API (Trims): 38587 / 99691 (38.7%)
   - Total Car Models Extracted: 19696
   - Total Brands Extracted: 210
2. Enrichment - Extra Specs (Global/Local): 19695 / 19696 (100.0%)
3. Enrichment - Reliability Scores: 19695 / 19696 (100.0%)

=== IMPORTERS STATUS REPORT [2026-06-20T18:43:21.203Z] ===
1. GOV.IL API (Trims): 38780 / 99691 (38.9%)
   - Total Car Models Extracted: 19737
   - Total Brands Extracted: 210
2. Enrichment - Extra Specs (Global/Local): 19720 / 19737 (99.9%)
3. Enrichment - Reliability Scores: 19720 / 19737 (99.9%)

=== IMPORTERS STATUS REPORT [2026-06-20T18:45:48.718Z] ===
1. GOV.IL API (Trims): 39030 / 99691 (39.2%)
   - Total Car Models Extracted: 19874
   - Total Brands Extracted: 210
2. Enrichment - Extra Specs (Global/Local): 19853 / 19874 (99.9%)
3. Enrichment - Reliability Scores: 19854 / 19874 (99.9%)

=== IMPORTERS STATUS REPORT [2026-06-20T18:48:04.571Z] ===
1. GOV.IL API (Trims): 39279 / 99691 (39.4%)
   - Total Car Models Extracted: 20000
   - Total Brands Extracted: 210
2. Enrichment - Extra Specs (Global/Local): 19998 / 20000 (100.0%)
3. Enrichment - Reliability Scores: 19998 / 20000 (100.0%)

=== IMPORTERS STATUS REPORT [2026-06-20T18:50:07.057Z] ===
1. GOV.IL API (Trims): 39512 / 99691 (39.6%)
   - Total Car Models Extracted: 20072
   - Total Brands Extracted: 211
2. Enrichment - Extra Specs (Global/Local): 20072 / 20072 (100.0%)
3. Enrichment - Reliability Scores: 20072 / 20072 (100.0%)

=== IMPORTERS STATUS REPORT [2026-06-20T18:52:09.519Z] ===
1. GOV.IL API (Trims): 39734 / 99691 (39.9%)
   - Total Car Models Extracted: 20092
   - Total Brands Extracted: 211
2. Enrichment - Extra Specs (Global/Local): 20077 / 20092 (99.9%)
3. Enrichment - Reliability Scores: 20077 / 20092 (99.9%)

=== IMPORTERS STATUS REPORT [2026-06-20T18:54:11.891Z] ===
1. GOV.IL API (Trims): 39963 / 99691 (40.1%)
   - Total Car Models Extracted: 20190
   - Total Brands Extracted: 211
2. Enrichment - Extra Specs (Global/Local): 20165 / 20190 (99.9%)
3. Enrichment - Reliability Scores: 20165 / 20190 (99.9%)

=== IMPORTERS STATUS REPORT [2026-06-20T18:56:14.564Z] ===
1. GOV.IL API (Trims): 40193 / 99691 (40.3%)
   - Total Car Models Extracted: 20269
   - Total Brands Extracted: 211
2. Enrichment - Extra Specs (Global/Local): 20266 / 20269 (100.0%)
3. Enrichment - Reliability Scores: 20266 / 20269 (100.0%)

=== IMPORTERS STATUS REPORT [2026-06-20T18:58:17.284Z] ===
1. GOV.IL API (Trims): 40425 / 99691 (40.6%)
   - Total Car Models Extracted: 20367
   - Total Brands Extracted: 211
2. Enrichment - Extra Specs (Global/Local): 20355 / 20367 (99.9%)
3. Enrichment - Reliability Scores: 20355 / 20367 (99.9%)

=== IMPORTERS STATUS REPORT [2026-06-20T19:00:19.777Z] ===
1. GOV.IL API (Trims): 40656 / 99691 (40.8%)
   - Total Car Models Extracted: 20476
   - Total Brands Extracted: 211
2. Enrichment - Extra Specs (Global/Local): 20450 / 20476 (99.9%)
3. Enrichment - Reliability Scores: 20450 / 20476 (99.9%)

=== IMPORTERS STATUS REPORT [2026-06-20T19:02:25.086Z] ===
1. GOV.IL API (Trims): 40891 / 99691 (41.0%)
   - Total Car Models Extracted: 20597
   - Total Brands Extracted: 211
2. Enrichment - Extra Specs (Global/Local): 20582 / 20597 (99.9%)
3. Enrichment - Reliability Scores: 20584 / 20597 (99.9%)

=== IMPORTERS STATUS REPORT [2026-06-20T19:04:27.475Z] ===
1. GOV.IL API (Trims): 41089 / 99691 (41.2%)
   - Total Car Models Extracted: 20660
   - Total Brands Extracted: 211
2. Enrichment - Extra Specs (Global/Local): 20652 / 20660 (100.0%)
3. Enrichment - Reliability Scores: 20652 / 20660 (100.0%)

=== IMPORTERS STATUS REPORT [2026-06-20T19:06:29.929Z] ===
1. GOV.IL API (Trims): 41311 / 99691 (41.4%)
   - Total Car Models Extracted: 20724
   - Total Brands Extracted: 211
2. Enrichment - Extra Specs (Global/Local): 20710 / 20724 (99.9%)
3. Enrichment - Reliability Scores: 20712 / 20724 (99.9%)

=== IMPORTERS STATUS REPORT [2026-06-20T19:08:32.437Z] ===
1. GOV.IL API (Trims): 41539 / 99691 (41.7%)
   - Total Car Models Extracted: 20840
   - Total Brands Extracted: 211
2. Enrichment - Extra Specs (Global/Local): 20839 / 20840 (100.0%)
3. Enrichment - Reliability Scores: 20839 / 20840 (100.0%)

=== IMPORTERS STATUS REPORT [2026-06-20T19:10:34.764Z] ===
1. GOV.IL API (Trims): 41765 / 99691 (41.9%)
   - Total Car Models Extracted: 20946
   - Total Brands Extracted: 211
2. Enrichment - Extra Specs (Global/Local): 20933 / 20946 (99.9%)
3. Enrichment - Reliability Scores: 20933 / 20946 (99.9%)

=== IMPORTERS STATUS REPORT [2026-06-20T19:12:37.108Z] ===
1. GOV.IL API (Trims): 41992 / 99691 (42.1%)
   - Total Car Models Extracted: 21080
   - Total Brands Extracted: 211
2. Enrichment - Extra Specs (Global/Local): 21061 / 21080 (99.9%)
3. Enrichment - Reliability Scores: 21061 / 21080 (99.9%)

=== IMPORTERS STATUS REPORT [2026-06-20T19:14:39.781Z] ===
1. GOV.IL API (Trims): 42222 / 99691 (42.4%)
   - Total Car Models Extracted: 21221
   - Total Brands Extracted: 211
2. Enrichment - Extra Specs (Global/Local): 21194 / 21221 (99.9%)
3. Enrichment - Reliability Scores: 21194 / 21221 (99.9%)

=== IMPORTERS STATUS REPORT [2026-06-20T19:16:42.275Z] ===
1. GOV.IL API (Trims): 42451 / 99691 (42.6%)
   - Total Car Models Extracted: 21348
   - Total Brands Extracted: 211
2. Enrichment - Extra Specs (Global/Local): 21322 / 21348 (99.9%)
3. Enrichment - Reliability Scores: 21322 / 21348 (99.9%)

=== IMPORTERS STATUS REPORT [2026-06-20T19:18:44.624Z] ===
1. GOV.IL API (Trims): 42682 / 99691 (42.8%)
   - Total Car Models Extracted: 21506
   - Total Brands Extracted: 212
2. Enrichment - Extra Specs (Global/Local): 21488 / 21506 (99.9%)
3. Enrichment - Reliability Scores: 21488 / 21506 (99.9%)

=== IMPORTERS STATUS REPORT [2026-06-20T19:20:46.944Z] ===
1. GOV.IL API (Trims): 42914 / 99691 (43.0%)
   - Total Car Models Extracted: 21553
   - Total Brands Extracted: 213
2. Enrichment - Extra Specs (Global/Local): 21553 / 21553 (100.0%)
3. Enrichment - Reliability Scores: 21553 / 21553 (100.0%)

=== IMPORTERS STATUS REPORT [2026-06-20T19:22:49.627Z] ===
1. GOV.IL API (Trims): 43158 / 99691 (43.3%)
   - Total Car Models Extracted: 21624
   - Total Brands Extracted: 213
2. Enrichment - Extra Specs (Global/Local): 21593 / 21624 (99.9%)
3. Enrichment - Reliability Scores: 21593 / 21624 (99.9%)

=== IMPORTERS STATUS REPORT [2026-06-20T19:24:54.877Z] ===
1. GOV.IL API (Trims): 43434 / 99691 (43.6%)
   - Total Car Models Extracted: 21739
   - Total Brands Extracted: 217
2. Enrichment - Extra Specs (Global/Local): 21735 / 21739 (100.0%)
3. Enrichment - Reliability Scores: 21735 / 21739 (100.0%)

=== IMPORTERS STATUS REPORT [2026-06-20T19:26:57.057Z] ===
1. GOV.IL API (Trims): 43696 / 99691 (43.8%)
   - Total Car Models Extracted: 21846
   - Total Brands Extracted: 219
2. Enrichment - Extra Specs (Global/Local): 21828 / 21846 (99.9%)
3. Enrichment - Reliability Scores: 21828 / 21846 (99.9%)

=== IMPORTERS STATUS REPORT [2026-06-20T19:28:59.286Z] ===
1. GOV.IL API (Trims): 43955 / 99691 (44.1%)
   - Total Car Models Extracted: 21975
   - Total Brands Extracted: 220
2. Enrichment - Extra Specs (Global/Local): 21955 / 21975 (99.9%)
3. Enrichment - Reliability Scores: 21955 / 21975 (99.9%)

=== IMPORTERS STATUS REPORT [2026-06-20T19:31:01.552Z] ===
1. GOV.IL API (Trims): 44213 / 99691 (44.4%)
   - Total Car Models Extracted: 22076
   - Total Brands Extracted: 221
2. Enrichment - Extra Specs (Global/Local): 22076 / 22076 (100.0%)
3. Enrichment - Reliability Scores: 22076 / 22076 (100.0%)

=== IMPORTERS STATUS REPORT [2026-06-20T19:33:03.894Z] ===
1. GOV.IL API (Trims): 44471 / 99691 (44.6%)
   - Total Car Models Extracted: 22213
   - Total Brands Extracted: 221
2. Enrichment - Extra Specs (Global/Local): 22207 / 22213 (100.0%)
3. Enrichment - Reliability Scores: 22207 / 22213 (100.0%)

=== IMPORTERS STATUS REPORT [2026-06-20T19:35:06.132Z] ===
1. GOV.IL API (Trims): 44735 / 99691 (44.9%)
   - Total Car Models Extracted: 22327
   - Total Brands Extracted: 221
2. Enrichment - Extra Specs (Global/Local): 22307 / 22327 (99.9%)
3. Enrichment - Reliability Scores: 22307 / 22327 (99.9%)

=== IMPORTERS STATUS REPORT [2026-06-20T19:37:08.287Z] ===
1. GOV.IL API (Trims): 44993 / 99691 (45.1%)
   - Total Car Models Extracted: 22454
   - Total Brands Extracted: 221
2. Enrichment - Extra Specs (Global/Local): 22432 / 22454 (99.9%)
3. Enrichment - Reliability Scores: 22432 / 22454 (99.9%)

=== IMPORTERS STATUS REPORT [2026-06-20T19:39:10.595Z] ===
1. GOV.IL API (Trims): 45256 / 99691 (45.4%)
   - Total Car Models Extracted: 22549
   - Total Brands Extracted: 221
2. Enrichment - Extra Specs (Global/Local): 22549 / 22549 (100.0%)
3. Enrichment - Reliability Scores: 22549 / 22549 (100.0%)

=== IMPORTERS STATUS REPORT [2026-06-20T19:41:12.745Z] ===
1. GOV.IL API (Trims): 45520 / 99691 (45.7%)
   - Total Car Models Extracted: 22577
   - Total Brands Extracted: 221
2. Enrichment - Extra Specs (Global/Local): 22553 / 22577 (99.9%)
3. Enrichment - Reliability Scores: 22553 / 22577 (99.9%)

=== IMPORTERS STATUS REPORT [2026-06-20T19:43:15.402Z] ===
1. GOV.IL API (Trims): 45755 / 99691 (45.9%)
   - Total Car Models Extracted: 22664
   - Total Brands Extracted: 221
2. Enrichment - Extra Specs (Global/Local): 22657 / 22664 (100.0%)
3. Enrichment - Reliability Scores: 22657 / 22664 (100.0%)

=== IMPORTERS STATUS REPORT [2026-06-20T19:45:17.940Z] ===
1. GOV.IL API (Trims): 45985 / 99691 (46.1%)
   - Total Car Models Extracted: 22765
   - Total Brands Extracted: 221
2. Enrichment - Extra Specs (Global/Local): 22751 / 22765 (99.9%)
3. Enrichment - Reliability Scores: 22751 / 22765 (99.9%)

=== IMPORTERS STATUS REPORT [2026-06-20T19:47:20.349Z] ===
1. GOV.IL API (Trims): 46215 / 99691 (46.4%)
   - Total Car Models Extracted: 22807
   - Total Brands Extracted: 221
2. Enrichment - Extra Specs (Global/Local): 22807 / 22807 (100.0%)
3. Enrichment - Reliability Scores: 22807 / 22807 (100.0%)

=== IMPORTERS STATUS REPORT [2026-06-20T19:49:22.831Z] ===
1. GOV.IL API (Trims): 46452 / 99691 (46.6%)
   - Total Car Models Extracted: 22823
   - Total Brands Extracted: 221
2. Enrichment - Extra Specs (Global/Local): 22807 / 22823 (99.9%)
3. Enrichment - Reliability Scores: 22807 / 22823 (99.9%)

=== IMPORTERS STATUS REPORT [2026-06-20T19:51:26.224Z] ===
1. GOV.IL API (Trims): 46687 / 99691 (46.8%)
   - Total Car Models Extracted: 22916
   - Total Brands Extracted: 221
2. Enrichment - Extra Specs (Global/Local): 22907 / 22916 (100.0%)
3. Enrichment - Reliability Scores: 22907 / 22916 (100.0%)

=== IMPORTERS STATUS REPORT [2026-06-20T19:53:28.941Z] ===
1. GOV.IL API (Trims): 46920 / 99691 (47.1%)
   - Total Car Models Extracted: 23021
   - Total Brands Extracted: 221
2. Enrichment - Extra Specs (Global/Local): 23002 / 23021 (99.9%)
3. Enrichment - Reliability Scores: 23002 / 23021 (99.9%)

=== IMPORTERS STATUS REPORT [2026-06-20T19:55:31.602Z] ===
1. GOV.IL API (Trims): 47150 / 99691 (47.3%)
   - Total Car Models Extracted: 23118
   - Total Brands Extracted: 221
2. Enrichment - Extra Specs (Global/Local): 23093 / 23118 (99.9%)
3. Enrichment - Reliability Scores: 23094 / 23118 (99.9%)

=== IMPORTERS STATUS REPORT [2026-06-20T19:57:34.294Z] ===
1. GOV.IL API (Trims): 47384 / 99691 (47.5%)
   - Total Car Models Extracted: 23233
   - Total Brands Extracted: 221
2. Enrichment - Extra Specs (Global/Local): 23229 / 23233 (100.0%)
3. Enrichment - Reliability Scores: 23229 / 23233 (100.0%)

=== IMPORTERS STATUS REPORT [2026-06-20T19:59:36.607Z] ===
1. GOV.IL API (Trims): 47616 / 99691 (47.8%)
   - Total Car Models Extracted: 23370
   - Total Brands Extracted: 221
2. Enrichment - Extra Specs (Global/Local): 23365 / 23370 (100.0%)
3. Enrichment - Reliability Scores: 23365 / 23370 (100.0%)

=== IMPORTERS STATUS REPORT [2026-06-20T20:01:39.097Z] ===
1. GOV.IL API (Trims): 47849 / 99691 (48.0%)
   - Total Car Models Extracted: 23488
   - Total Brands Extracted: 221
2. Enrichment - Extra Specs (Global/Local): 23478 / 23488 (100.0%)
3. Enrichment - Reliability Scores: 23478 / 23488 (100.0%)

=== IMPORTERS STATUS REPORT [2026-06-20T20:03:44.054Z] ===
1. GOV.IL API (Trims): 48084 / 99691 (48.2%)
   - Total Car Models Extracted: 23630
   - Total Brands Extracted: 221
2. Enrichment - Extra Specs (Global/Local): 23609 / 23630 (99.9%)
3. Enrichment - Reliability Scores: 23609 / 23630 (99.9%)

=== IMPORTERS STATUS REPORT [2026-06-20T20:05:46.354Z] ===
1. GOV.IL API (Trims): 48317 / 99691 (48.5%)
   - Total Car Models Extracted: 23741
   - Total Brands Extracted: 221
2. Enrichment - Extra Specs (Global/Local): 23708 / 23741 (99.9%)
3. Enrichment - Reliability Scores: 23708 / 23741 (99.9%)

=== IMPORTERS STATUS REPORT [2026-06-20T20:07:48.865Z] ===
1. GOV.IL API (Trims): 48548 / 99691 (48.7%)
   - Total Car Models Extracted: 23891
   - Total Brands Extracted: 221
2. Enrichment - Extra Specs (Global/Local): 23866 / 23891 (99.9%)
3. Enrichment - Reliability Scores: 23866 / 23891 (99.9%)

=== IMPORTERS STATUS REPORT [2026-06-20T20:09:51.538Z] ===
1. GOV.IL API (Trims): 48779 / 99691 (48.9%)
   - Total Car Models Extracted: 24008
   - Total Brands Extracted: 221
2. Enrichment - Extra Specs (Global/Local): 23993 / 24008 (99.9%)
3. Enrichment - Reliability Scores: 23994 / 24008 (99.9%)

=== IMPORTERS STATUS REPORT [2026-06-20T20:11:54.055Z] ===
1. GOV.IL API (Trims): 49007 / 99691 (49.2%)
   - Total Car Models Extracted: 24138
   - Total Brands Extracted: 221
2. Enrichment - Extra Specs (Global/Local): 24137 / 24138 (100.0%)
3. Enrichment - Reliability Scores: 24137 / 24138 (100.0%)

=== IMPORTERS STATUS REPORT [2026-06-20T20:13:56.373Z] ===
1. GOV.IL API (Trims): 49237 / 99691 (49.4%)
   - Total Car Models Extracted: 24287
   - Total Brands Extracted: 221
2. Enrichment - Extra Specs (Global/Local): 24286 / 24287 (100.0%)
3. Enrichment - Reliability Scores: 24286 / 24287 (100.0%)

=== IMPORTERS STATUS REPORT [2026-06-20T20:15:59.312Z] ===
1. GOV.IL API (Trims): 49467 / 99691 (49.6%)
   - Total Car Models Extracted: 24402
   - Total Brands Extracted: 221
2. Enrichment - Extra Specs (Global/Local): 24398 / 24402 (100.0%)
3. Enrichment - Reliability Scores: 24398 / 24402 (100.0%)

=== IMPORTERS STATUS REPORT [2026-06-20T20:18:01.744Z] ===
1. GOV.IL API (Trims): 49660 / 99691 (49.8%)
   - Total Car Models Extracted: 24489
   - Total Brands Extracted: 221
2. Enrichment - Extra Specs (Global/Local): 24481 / 24489 (100.0%)
3. Enrichment - Reliability Scores: 24481 / 24489 (100.0%)

=== IMPORTERS STATUS REPORT [2026-06-20T20:20:04.586Z] ===
1. GOV.IL API (Trims): 49893 / 99691 (50.0%)
   - Total Car Models Extracted: 24631
   - Total Brands Extracted: 221
2. Enrichment - Extra Specs (Global/Local): 24606 / 24631 (99.9%)
3. Enrichment - Reliability Scores: 24606 / 24631 (99.9%)

=== IMPORTERS STATUS REPORT [2026-06-20T20:22:07.049Z] ===
1. GOV.IL API (Trims): 50062 / 99691 (50.2%)
   - Total Car Models Extracted: 24747
   - Total Brands Extracted: 221
2. Enrichment - Extra Specs (Global/Local): 24743 / 24747 (100.0%)
3. Enrichment - Reliability Scores: 24743 / 24747 (100.0%)

=== IMPORTERS STATUS REPORT [2026-06-20T20:24:09.709Z] ===
1. GOV.IL API (Trims): 50284 / 99691 (50.4%)
   - Total Car Models Extracted: 24928
   - Total Brands Extracted: 221
2. Enrichment - Extra Specs (Global/Local): 24928 / 24928 (100.0%)
3. Enrichment - Reliability Scores: 24928 / 24928 (100.0%)

=== IMPORTERS STATUS REPORT [2026-06-20T20:26:12.042Z] ===
1. GOV.IL API (Trims): 50515 / 99691 (50.7%)
   - Total Car Models Extracted: 25101
   - Total Brands Extracted: 221
2. Enrichment - Extra Specs (Global/Local): 25081 / 25101 (99.9%)
3. Enrichment - Reliability Scores: 25082 / 25101 (99.9%)
